// Jest Snapshot v1, https://goo.gl/fbAQLP

exports[`Component Item Can render Item component smoothly 1`] = `
<div
  className="card my-3"
>
  <div
    className="card-header border-0 position-relative"
  >
    <div
      className="row"
    >
      <div
        className="col-3"
      >
        <h5>
          GBP
        </h5>
      </div>
      <div
        className="col-9 text-right"
      >
        <h5>
          76.88
        </h5>
      </div>
    </div>
    <div
      className="row"
    >
      <div
        className="col-12"
      >
        <i>
          1 USD  =
          GBP
           
          76.88
        </i>
      </div>
    </div>
    <button
      className="btn btn-delete"
      onClick={[Function]}
      type="button"
    >
      <span
        className="d-block"
      >
         - 
      </span>
    </button>
  </div>
</div>
`;
